// Jest Snapshot v1, https://goo.gl/fbAQLP

exports[`Snapshot Checkbox 1`] = `
<DocumentFragment>
  <div
    class="checkBoxWrapper"
  >
    <label
      class="label"
    >
      <input
        checked=""
        class="input"
        type="checkbox"
      />
      <span>
        Test
      </span>
    </label>
  </div>
</DocumentFragment>
`;
