// Jest Snapshot v1, https://goo.gl/fbAQLP

exports[`Snapshot Dot 1`] = `
<DocumentFragment>
  <div
    class="dot"
    style="background: rgb(255, 255, 255);"
  />
</DocumentFragment>
`;
