// Jest Snapshot v1, https://goo.gl/fbAQLP

exports[`Snapshot Menu 1`] = `
<DocumentFragment>
  <aside
    class="menu"
  >
    <div
      class="buttons"
    >
      <button
        class="button"
        type="button"
      >
        <div>
          Resolve All
        </div>
      </button>
      <button
        class="button"
        type="button"
      >
        <div>
          Unresolve All
        </div>
      </button>
      <button
        class="button"
        type="button"
      >
        <div>
          Remove All
        </div>
      </button>
    </div>
    <div
      class="container"
    >
      <input
        class="input"
        placeholder="Add Todo"
        value="Test"
      />
      <button
        class="button"
        type="button"
      >
        <div>
          Add Todo
        </div>
      </button>
    </div>
  </aside>
</DocumentFragment>
`;
