// Jest Snapshot v1, https://goo.gl/fbAQLP

exports[`Snapshot AddTodo 1`] = `
<DocumentFragment>
  <div
    class="container"
  >
    <input
      class="input"
      placeholder="Add Todo"
      value="Test"
    />
    <button
      class="button"
      type="button"
    >
      <div>
        Add Todo
      </div>
    </button>
  </div>
</DocumentFragment>
`;
