// Jest Snapshot v1, https://goo.gl/fbAQLP

exports[`Snapshot Todo 1`] = `
<DocumentFragment>
  <div
    class="container"
  >
    <div
      class="text"
    >
      Test
    </div>
    <div
      class="checkbox"
    >
      <div
        class="checkBoxWrapper"
      >
        <label
          class="label"
        >
          <input
            checked=""
            class="input"
            type="checkbox"
          />
          <span>
            Resolve
          </span>
        </label>
      </div>
      <div
        class="done"
      >
        Done
      </div>
    </div>
    <div
      class="buttons"
    >
      <button
        class="button"
        type="button"
      >
        <div>
          Add Color
        </div>
      </button>
      <button
        class="button"
        type="button"
      >
        <div>
          Delete
        </div>
      </button>
    </div>
  </div>
</DocumentFragment>
`;
